1745336170.772160 client started (460165): version 3.4, socket /tmp/tmux-1000/default, protocol 8
1745336170.772184 on Linux 6.8.0-52-generic #53-Ubuntu SMP PREEMPT_DYNAMIC Sat Jan 11 00:06:25 UTC 2025
1745336170.772189 using libevent 2.1.12-stable poll
1745336170.772193 using ncurses 6.4 20240113
1745336170.772209 flags are 0x18010000
1745336170.772223 socket is /tmp/tmux-1000/default
1745336170.772238 trying connect
1745336170.772302 add peer 0x5a07e682b420: 7 ((nil))
1745336170.772611 sending message 100 to peer 0x5a07e682b420 (4 bytes)
1745336170.772623 sending message 111 to peer 0x5a07e682b420 (8 bytes)
1745336170.772627 sending message 101 to peer 0x5a07e682b420 (15 bytes)
1745336170.772631 sending message 109 to peer 0x5a07e682b420 (4 bytes)
1745336170.772636 sending message 102 to peer 0x5a07e682b420 (12 bytes)
1745336170.772640 sending message 108 to peer 0x5a07e682b420 (28 bytes)
1745336170.772645 sending message 112 to peer 0x5a07e682b420 (58 bytes)
1745336170.772650 sending message 112 to peer 0x5a07e682b420 (5 bytes)
1745336170.772654 sending message 112 to peer 0x5a07e682b420 (5 bytes)
1745336170.772659 sending message 112 to peer 0x5a07e682b420 (6 bytes)
1745336170.772663 sending message 112 to peer 0x5a07e682b420 (6 bytes)
1745336170.772668 sending message 112 to peer 0x5a07e682b420 (11 bytes)
1745336170.772672 sending message 112 to peer 0x5a07e682b420 (10 bytes)
1745336170.772676 sending message 112 to peer 0x5a07e682b420 (13 bytes)
1745336170.772680 sending message 112 to peer 0x5a07e682b420 (14 bytes)
1745336170.772684 sending message 112 to peer 0x5a07e682b420 (19 bytes)
1745336170.772688 sending message 112 to peer 0x5a07e682b420 (11 bytes)
1745336170.772692 sending message 112 to peer 0x5a07e682b420 (10 bytes)
1745336170.772696 sending message 112 to peer 0x5a07e682b420 (15 bytes)
1745336170.772700 sending message 112 to peer 0x5a07e682b420 (21 bytes)
1745336170.772704 sending message 112 to peer 0x5a07e682b420 (13 bytes)
1745336170.772709 sending message 112 to peer 0x5a07e682b420 (7 bytes)
1745336170.772713 sending message 112 to peer 0x5a07e682b420 (13 bytes)
1745336170.772718 sending message 112 to peer 0x5a07e682b420 (7 bytes)
1745336170.772722 sending message 112 to peer 0x5a07e682b420 (13 bytes)
1745336170.772726 sending message 112 to peer 0x5a07e682b420 (9 bytes)
1745336170.772730 sending message 112 to peer 0x5a07e682b420 (21 bytes)
1745336170.772735 sending message 112 to peer 0x5a07e682b420 (13 bytes)
1745336170.772739 sending message 112 to peer 0x5a07e682b420 (9 bytes)
1745336170.772743 sending message 112 to peer 0x5a07e682b420 (16 bytes)
1745336170.772747 sending message 112 to peer 0x5a07e682b420 (13 bytes)
1745336170.772751 sending message 112 to peer 0x5a07e682b420 (9 bytes)
1745336170.772756 sending message 112 to peer 0x5a07e682b420 (9 bytes)
1745336170.772760 sending message 112 to peer 0x5a07e682b420 (12 bytes)
1745336170.772764 sending message 112 to peer 0x5a07e682b420 (8 bytes)
1745336170.772768 sending message 112 to peer 0x5a07e682b420 (8 bytes)
1745336170.772772 sending message 112 to peer 0x5a07e682b420 (13 bytes)
1745336170.772776 sending message 112 to peer 0x5a07e682b420 (7 bytes)
1745336170.772779 sending message 112 to peer 0x5a07e682b420 (7 bytes)
1745336170.772784 sending message 112 to peer 0x5a07e682b420 (9 bytes)
1745336170.772788 sending message 112 to peer 0x5a07e682b420 (9 bytes)
1745336170.772793 sending message 112 to peer 0x5a07e682b420 (15 bytes)
1745336170.772797 sending message 112 to peer 0x5a07e682b420 (13 bytes)
1745336170.772802 sending message 112 to peer 0x5a07e682b420 (12 bytes)
1745336170.772807 sending message 112 to peer 0x5a07e682b420 (8 bytes)
1745336170.772812 sending message 112 to peer 0x5a07e682b420 (14 bytes)
1745336170.772816 sending message 112 to peer 0x5a07e682b420 (11 bytes)
1745336170.772820 sending message 112 to peer 0x5a07e682b420 (9 bytes)
1745336170.772824 sending message 112 to peer 0x5a07e682b420 (10 bytes)
1745336170.772827 sending message 112 to peer 0x5a07e682b420 (10 bytes)
1745336170.772831 sending message 112 to peer 0x5a07e682b420 (10 bytes)
1745336170.772845 sending message 112 to peer 0x5a07e682b420 (10 bytes)
1745336170.772850 sending message 112 to peer 0x5a07e682b420 (11 bytes)
1745336170.772854 sending message 112 to peer 0x5a07e682b420 (12 bytes)
1745336170.772858 sending message 112 to peer 0x5a07e682b420 (12 bytes)
1745336170.772862 sending message 112 to peer 0x5a07e682b420 (12 bytes)
1745336170.772866 sending message 112 to peer 0x5a07e682b420 (12 bytes)
1745336170.772870 sending message 112 to peer 0x5a07e682b420 (12 bytes)
1745336170.772873 sending message 112 to peer 0x5a07e682b420 (11 bytes)
1745336170.772878 sending message 112 to peer 0x5a07e682b420 (11 bytes)
1745336170.772882 sending message 112 to peer 0x5a07e682b420 (12 bytes)
1745336170.772887 sending message 112 to peer 0x5a07e682b420 (12 bytes)
1745336170.772891 sending message 112 to peer 0x5a07e682b420 (12 bytes)
1745336170.772896 sending message 112 to peer 0x5a07e682b420 (12 bytes)
1745336170.772901 sending message 112 to peer 0x5a07e682b420 (12 bytes)
1745336170.772905 sending message 112 to peer 0x5a07e682b420 (9 bytes)
1745336170.772910 sending message 112 to peer 0x5a07e682b420 (12 bytes)
1745336170.772914 sending message 112 to peer 0x5a07e682b420 (13 bytes)
1745336170.772919 sending message 112 to peer 0x5a07e682b420 (13 bytes)
1745336170.772924 sending message 112 to peer 0x5a07e682b420 (13 bytes)
1745336170.772928 sending message 112 to peer 0x5a07e682b420 (13 bytes)
1745336170.772933 sending message 112 to peer 0x5a07e682b420 (13 bytes)
1745336170.772938 sending message 112 to peer 0x5a07e682b420 (8 bytes)
1745336170.772942 sending message 112 to peer 0x5a07e682b420 (11 bytes)
1745336170.772946 sending message 112 to peer 0x5a07e682b420 (11 bytes)
1745336170.772950 sending message 112 to peer 0x5a07e682b420 (11 bytes)
1745336170.772954 sending message 112 to peer 0x5a07e682b420 (12 bytes)
1745336170.772958 sending message 112 to peer 0x5a07e682b420 (12 bytes)
1745336170.772962 sending message 112 to peer 0x5a07e682b420 (12 bytes)
1745336170.772966 sending message 112 to peer 0x5a07e682b420 (12 bytes)
1745336170.772970 sending message 112 to peer 0x5a07e682b420 (13 bytes)
1745336170.772975 sending message 112 to peer 0x5a07e682b420 (13 bytes)
1745336170.772979 sending message 112 to peer 0x5a07e682b420 (13 bytes)
1745336170.772983 sending message 112 to peer 0x5a07e682b420 (8 bytes)
1745336170.772988 sending message 112 to peer 0x5a07e682b420 (13 bytes)
1745336170.772992 sending message 112 to peer 0x5a07e682b420 (13 bytes)
1745336170.772997 sending message 112 to peer 0x5a07e682b420 (13 bytes)
1745336170.773001 sending message 112 to peer 0x5a07e682b420 (13 bytes)
1745336170.773005 sending message 112 to peer 0x5a07e682b420 (13 bytes)
1745336170.773009 sending message 112 to peer 0x5a07e682b420 (12 bytes)
1745336170.773013 sending message 112 to peer 0x5a07e682b420 (12 bytes)
1745336170.773017 sending message 112 to peer 0x5a07e682b420 (12 bytes)
1745336170.773021 sending message 112 to peer 0x5a07e682b420 (12 bytes)
1745336170.773025 sending message 112 to peer 0x5a07e682b420 (13 bytes)
1745336170.773029 sending message 112 to peer 0x5a07e682b420 (8 bytes)
1745336170.773034 sending message 112 to peer 0x5a07e682b420 (13 bytes)
1745336170.773039 sending message 112 to peer 0x5a07e682b420 (13 bytes)
1745336170.773043 sending message 112 to peer 0x5a07e682b420 (13 bytes)
1745336170.773048 sending message 112 to peer 0x5a07e682b420 (13 bytes)
1745336170.773052 sending message 112 to peer 0x5a07e682b420 (13 bytes)
1745336170.773057 sending message 112 to peer 0x5a07e682b420 (13 bytes)
1745336170.773062 sending message 112 to peer 0x5a07e682b420 (13 bytes)
1745336170.773066 sending message 112 to peer 0x5a07e682b420 (12 bytes)
1745336170.773071 sending message 112 to peer 0x5a07e682b420 (12 bytes)
1745336170.773075 sending message 112 to peer 0x5a07e682b420 (12 bytes)
1745336170.773079 sending message 112 to peer 0x5a07e682b420 (8 bytes)
1745336170.773083 sending message 112 to peer 0x5a07e682b420 (12 bytes)
1745336170.773086 sending message 112 to peer 0x5a07e682b420 (13 bytes)
1745336170.773098 sending message 112 to peer 0x5a07e682b420 (13 bytes)
1745336170.773103 sending message 112 to peer 0x5a07e682b420 (13 bytes)
1745336170.773107 sending message 112 to peer 0x5a07e682b420 (13 bytes)
1745336170.773111 sending message 112 to peer 0x5a07e682b420 (13 bytes)
1745336170.773115 sending message 112 to peer 0x5a07e682b420 (13 bytes)
1745336170.773119 sending message 112 to peer 0x5a07e682b420 (13 bytes)
1745336170.773124 sending message 112 to peer 0x5a07e682b420 (13 bytes)
1745336170.773128 sending message 112 to peer 0x5a07e682b420 (12 bytes)
1745336170.773132 sending message 112 to peer 0x5a07e682b420 (10 bytes)
1745336170.773135 sending message 112 to peer 0x5a07e682b420 (12 bytes)
1745336170.773139 sending message 112 to peer 0x5a07e682b420 (12 bytes)
1745336170.773143 sending message 112 to peer 0x5a07e682b420 (12 bytes)
1745336170.773147 sending message 112 to peer 0x5a07e682b420 (13 bytes)
1745336170.773152 sending message 112 to peer 0x5a07e682b420 (13 bytes)
1745336170.773156 sending message 112 to peer 0x5a07e682b420 (13 bytes)
1745336170.773161 sending message 112 to peer 0x5a07e682b420 (13 bytes)
1745336170.773165 sending message 112 to peer 0x5a07e682b420 (13 bytes)
1745336170.773170 sending message 112 to peer 0x5a07e682b420 (13 bytes)
1745336170.773175 sending message 112 to peer 0x5a07e682b420 (13 bytes)
1745336170.773179 sending message 112 to peer 0x5a07e682b420 (10 bytes)
1745336170.773184 sending message 112 to peer 0x5a07e682b420 (13 bytes)
1745336170.773188 sending message 112 to peer 0x5a07e682b420 (12 bytes)
1745336170.773192 sending message 112 to peer 0x5a07e682b420 (12 bytes)
1745336170.773196 sending message 112 to peer 0x5a07e682b420 (12 bytes)
1745336170.773200 sending message 112 to peer 0x5a07e682b420 (10 bytes)
1745336170.773203 sending message 112 to peer 0x5a07e682b420 (10 bytes)
1745336170.773208 sending message 112 to peer 0x5a07e682b420 (10 bytes)
1745336170.773212 sending message 112 to peer 0x5a07e682b420 (12 bytes)
1745336170.773217 sending message 112 to peer 0x5a07e682b420 (13 bytes)
1745336170.773221 sending message 112 to peer 0x5a07e682b420 (13 bytes)
1745336170.773225 sending message 112 to peer 0x5a07e682b420 (13 bytes)
1745336170.773229 sending message 112 to peer 0x5a07e682b420 (13 bytes)
1745336170.773234 sending message 112 to peer 0x5a07e682b420 (13 bytes)
1745336170.773238 sending message 112 to peer 0x5a07e682b420 (10 bytes)
1745336170.773242 sending message 112 to peer 0x5a07e682b420 (11 bytes)
1745336170.773246 sending message 112 to peer 0x5a07e682b420 (12 bytes)
1745336170.773250 sending message 112 to peer 0x5a07e682b420 (12 bytes)
1745336170.773254 sending message 112 to peer 0x5a07e682b420 (12 bytes)
1745336170.773258 sending message 112 to peer 0x5a07e682b420 (12 bytes)
1745336170.773262 sending message 112 to peer 0x5a07e682b420 (12 bytes)
1745336170.773266 sending message 112 to peer 0x5a07e682b420 (11 bytes)
1745336170.773271 sending message 112 to peer 0x5a07e682b420 (12 bytes)
1745336170.773275 sending message 112 to peer 0x5a07e682b420 (12 bytes)
1745336170.773280 sending message 112 to peer 0x5a07e682b420 (13 bytes)
1745336170.773284 sending message 112 to peer 0x5a07e682b420 (13 bytes)
1745336170.773289 sending message 112 to peer 0x5a07e682b420 (13 bytes)
1745336170.773293 sending message 112 to peer 0x5a07e682b420 (13 bytes)
1745336170.773298 sending message 112 to peer 0x5a07e682b420 (13 bytes)
1745336170.773302 sending message 112 to peer 0x5a07e682b420 (10 bytes)
1745336170.773306 sending message 112 to peer 0x5a07e682b420 (9 bytes)
1745336170.773310 sending message 112 to peer 0x5a07e682b420 (12 bytes)
1745336170.773314 sending message 112 to peer 0x5a07e682b420 (13 bytes)
1745336170.773318 sending message 112 to peer 0x5a07e682b420 (13 bytes)
1745336170.773322 sending message 112 to peer 0x5a07e682b420 (13 bytes)
1745336170.773327 sending message 112 to peer 0x5a07e682b420 (13 bytes)
1745336170.773331 sending message 112 to peer 0x5a07e682b420 (13 bytes)
1745336170.773336 sending message 112 to peer 0x5a07e682b420 (9 bytes)
1745336170.773347 sending message 112 to peer 0x5a07e682b420 (12 bytes)
1745336170.773351 sending message 112 to peer 0x5a07e682b420 (13 bytes)
1745336170.773355 sending message 112 to peer 0x5a07e682b420 (13 bytes)
1745336170.773359 sending message 112 to peer 0x5a07e682b420 (13 bytes)
1745336170.773363 sending message 112 to peer 0x5a07e682b420 (13 bytes)
1745336170.773367 sending message 112 to peer 0x5a07e682b420 (13 bytes)
1745336170.773371 sending message 112 to peer 0x5a07e682b420 (11 bytes)
1745336170.773374 sending message 112 to peer 0x5a07e682b420 (12 bytes)
1745336170.773379 sending message 112 to peer 0x5a07e682b420 (13 bytes)
1745336170.773384 sending message 112 to peer 0x5a07e682b420 (13 bytes)
1745336170.773388 sending message 112 to peer 0x5a07e682b420 (13 bytes)
1745336170.773393 sending message 112 to peer 0x5a07e682b420 (13 bytes)
1745336170.773397 sending message 112 to peer 0x5a07e682b420 (13 bytes)
1745336170.773402 sending message 112 to peer 0x5a07e682b420 (11 bytes)
1745336170.773407 sending message 112 to peer 0x5a07e682b420 (12 bytes)
1745336170.773411 sending message 112 to peer 0x5a07e682b420 (12 bytes)
1745336170.773415 sending message 112 to peer 0x5a07e682b420 (12 bytes)
1745336170.773419 sending message 112 to peer 0x5a07e682b420 (12 bytes)
1745336170.773422 sending message 112 to peer 0x5a07e682b420 (12 bytes)
1745336170.773426 sending message 112 to peer 0x5a07e682b420 (21 bytes)
1745336170.773431 sending message 112 to peer 0x5a07e682b420 (12 bytes)
1745336170.773435 sending message 112 to peer 0x5a07e682b420 (9 bytes)
1745336170.773439 sending message 112 to peer 0x5a07e682b420 (6 bytes)
1745336170.773444 sending message 112 to peer 0x5a07e682b420 (13 bytes)
1745336170.773448 sending message 112 to peer 0x5a07e682b420 (10 bytes)
1745336170.773452 sending message 112 to peer 0x5a07e682b420 (24 bytes)
1745336170.773457 sending message 112 to peer 0x5a07e682b420 (13 bytes)
1745336170.773461 sending message 112 to peer 0x5a07e682b420 (9 bytes)
1745336170.773465 sending message 112 to peer 0x5a07e682b420 (70 bytes)
1745336170.773469 sending message 112 to peer 0x5a07e682b420 (69 bytes)
1745336170.773472 sending message 112 to peer 0x5a07e682b420 (12 bytes)
1745336170.773476 sending message 112 to peer 0x5a07e682b420 (10 bytes)
1745336170.773481 sending message 112 to peer 0x5a07e682b420 (10 bytes)
1745336170.773485 sending message 112 to peer 0x5a07e682b420 (24 bytes)
1745336170.773490 sending message 112 to peer 0x5a07e682b420 (13 bytes)
1745336170.773495 sending message 112 to peer 0x5a07e682b420 (10 bytes)
1745336170.773499 sending message 112 to peer 0x5a07e682b420 (10 bytes)
1745336170.773504 sending message 112 to peer 0x5a07e682b420 (10 bytes)
1745336170.773509 sending message 112 to peer 0x5a07e682b420 (13 bytes)
1745336170.773513 sending message 112 to peer 0x5a07e682b420 (15 bytes)
1745336170.773517 sending message 112 to peer 0x5a07e682b420 (5 bytes)
1745336170.773522 sending message 104 to peer 0x5a07e682b420 (0 bytes)
1745336170.773527 sending message 110 to peer 0x5a07e682b420 (0 bytes)
1745336170.773531 sending message 107 to peer 0x5a07e682b420 (4 bytes)
1745336170.773536 sending message 105 to peer 0x5a07e682b420 (27 bytes)
1745336170.773540 sending message 105 to peer 0x5a07e682b420 (17 bytes)
1745336170.773544 sending message 105 to peer 0x5a07e682b420 (19 bytes)
1745336170.773549 sending message 105 to peer 0x5a07e682b420 (19 bytes)
1745336170.773553 sending message 105 to peer 0x5a07e682b420 (10 bytes)
1745336170.773557 sending message 105 to peer 0x5a07e682b420 (13 bytes)
1745336170.773561 sending message 105 to peer 0x5a07e682b420 (16 bytes)
1745336170.773566 sending message 105 to peer 0x5a07e682b420 (413 bytes)
1745336170.773571 sending message 105 to peer 0x5a07e682b420 (19 bytes)
1745336170.773575 sending message 105 to peer 0x5a07e682b420 (20 bytes)
1745336170.773578 sending message 105 to peer 0x5a07e682b420 (21 bytes)
1745336170.773590 sending message 105 to peer 0x5a07e682b420 (31 bytes)
1745336170.773597 sending message 105 to peer 0x5a07e682b420 (54 bytes)
1745336170.773611 sending message 105 to peer 0x5a07e682b420 (21 bytes)
1745336170.773616 sending message 105 to peer 0x5a07e682b420 (23 bytes)
1745336170.773621 sending message 105 to peer 0x5a07e682b420 (52 bytes)
1745336170.773625 sending message 105 to peer 0x5a07e682b420 (87 bytes)
1745336170.773630 sending message 105 to peer 0x5a07e682b420 (20 bytes)
1745336170.773634 sending message 105 to peer 0x5a07e682b420 (8 bytes)
1745336170.773639 sending message 105 to peer 0x5a07e682b420 (32 bytes)
1745336170.773643 sending message 105 to peer 0x5a07e682b420 (40 bytes)
1745336170.773647 sending message 105 to peer 0x5a07e682b420 (12 bytes)
1745336170.773651 sending message 105 to peer 0x5a07e682b420 (3477 bytes)
1745336170.773665 sending message 105 to peer 0x5a07e682b420 (29 bytes)
1745336170.773670 sending message 105 to peer 0x5a07e682b420 (41 bytes)
1745336170.773674 sending message 105 to peer 0x5a07e682b420 (35 bytes)
1745336170.773678 sending message 105 to peer 0x5a07e682b420 (25 bytes)
1745336170.773683 sending message 105 to peer 0x5a07e682b420 (71 bytes)
1745336170.773687 sending message 105 to peer 0x5a07e682b420 (42 bytes)
1745336170.773692 sending message 105 to peer 0x5a07e682b420 (50 bytes)
1745336170.773696 sending message 105 to peer 0x5a07e682b420 (14 bytes)
1745336170.773700 sending message 105 to peer 0x5a07e682b420 (35 bytes)
1745336170.773703 sending message 105 to peer 0x5a07e682b420 (23 bytes)
1745336170.773707 sending message 105 to peer 0x5a07e682b420 (30 bytes)
1745336170.773711 sending message 105 to peer 0x5a07e682b420 (24 bytes)
1745336170.773716 sending message 105 to peer 0x5a07e682b420 (16 bytes)
1745336170.773720 sending message 105 to peer 0x5a07e682b420 (51 bytes)
1745336170.773725 sending message 105 to peer 0x5a07e682b420 (60 bytes)
1745336170.773730 sending message 105 to peer 0x5a07e682b420 (183 bytes)
1745336170.773734 sending message 105 to peer 0x5a07e682b420 (22 bytes)
1745336170.773739 sending message 105 to peer 0x5a07e682b420 (25 bytes)
1745336170.773744 sending message 105 to peer 0x5a07e682b420 (33 bytes)
1745336170.773748 sending message 105 to peer 0x5a07e682b420 (29 bytes)
1745336170.773753 sending message 105 to peer 0x5a07e682b420 (20 bytes)
1745336170.773757 sending message 105 to peer 0x5a07e682b420 (14 bytes)
1745336170.773761 sending message 105 to peer 0x5a07e682b420 (15 bytes)
1745336170.773764 sending message 105 to peer 0x5a07e682b420 (27 bytes)
1745336170.773768 sending message 105 to peer 0x5a07e682b420 (18 bytes)
1745336170.773773 sending message 105 to peer 0x5a07e682b420 (14 bytes)
1745336170.773777 sending message 105 to peer 0x5a07e682b420 (18 bytes)
1745336170.773781 sending message 105 to peer 0x5a07e682b420 (20 bytes)
1745336170.773786 sending message 105 to peer 0x5a07e682b420 (23 bytes)
1745336170.773790 sending message 105 to peer 0x5a07e682b420 (11 bytes)
1745336170.773794 sending message 105 to peer 0x5a07e682b420 (16 bytes)
1745336170.773799 sending message 105 to peer 0x5a07e682b420 (15 bytes)
1745336170.773803 sending message 105 to peer 0x5a07e682b420 (15 bytes)
1745336170.773807 sending message 105 to peer 0x5a07e682b420 (15 bytes)
1745336170.773811 sending message 105 to peer 0x5a07e682b420 (23 bytes)
1745336170.773815 sending message 105 to peer 0x5a07e682b420 (15 bytes)
1745336170.773819 sending message 105 to peer 0x5a07e682b420 (17 bytes)
1745336170.773823 sending message 105 to peer 0x5a07e682b420 (9 bytes)
1745336170.773827 sending message 105 to peer 0x5a07e682b420 (17 bytes)
1745336170.773832 sending message 105 to peer 0x5a07e682b420 (14 bytes)
1745336170.773836 sending message 105 to peer 0x5a07e682b420 (10 bytes)
1745336170.773841 sending message 105 to peer 0x5a07e682b420 (16 bytes)
1745336170.773845 sending message 106 to peer 0x5a07e682b420 (0 bytes)
1745336170.773896 sending message 200 to peer 0x5a07e682b420 (4 bytes)
1745336170.773901 client loop enter
1745336170.880416 peer 0x5a07e682b420 message 207
1745336170.880428 sending message 208 to peer 0x5a07e682b420 (0 bytes)
1745336172.968396 peer 0x5a07e682b420 message 203
1745336172.968427 sending message 205 to peer 0x5a07e682b420 (0 bytes)
1745336172.969815 peer 0x5a07e682b420 message 204
1745336172.969828 client loop exit
